// Jest Snapshot v1, https://goo.gl/fbAQLP

exports[`Basic parsing Example query 1`] = `
Object {
  "base": Object {
    "base": Object {
      "type": "Everything",
    },
    "expr": Object {
      "left": Object {
        "name": "_type",
        "type": "AccessAttribute",
      },
      "op": "==",
      "right": Object {
        "type": "Value",
        "value": "product",
      },
      "type": "OpCall",
    },
    "type": "Filter",
  },
  "expr": Object {
    "base": Object {
      "type": "This",
    },
    "expr": Object {
      "attributes": Array [
        Object {
          "name": "name",
          "type": "ObjectAttributeValue",
          "value": Object {
            "name": "name",
            "type": "AccessAttribute",
          },
        },
      ],
      "type": "Object",
    },
    "type": "Projection",
  },
  "type": "Map",
}
`;

exports[`Delta-GROQ Supports before() and after() 1`] = `
Object {
  "left": Object {
    "base": Object {
      "key": "before",
      "type": "Context",
    },
    "name": "title",
    "type": "AccessAttribute",
  },
  "op": "==",
  "right": Object {
    "base": Object {
      "key": "after",
      "type": "Context",
    },
    "name": "title",
    "type": "AccessAttribute",
  },
  "type": "OpCall",
}
`;
